../Drivers/STM32WBAxx_HAL_Driver/Src/stm32wbaxx_hal_pwr.c:196:6:HAL_PWR_DeInit	4	static
../Drivers/STM32WBAxx_HAL_Driver/Src/stm32wbaxx_hal_pwr.c:208:6:HAL_PWR_EnableBkUpAccess	4	static
../Drivers/STM32WBAxx_HAL_Driver/Src/stm32wbaxx_hal_pwr.c:219:6:HAL_PWR_DisableBkUpAccess	4	static
../Drivers/STM32WBAxx_HAL_Driver/Src/stm32wbaxx_hal_pwr.c:393:19:HAL_PWR_ConfigPVD	16	static
../Drivers/STM32WBAxx_HAL_Driver/Src/stm32wbaxx_hal_pwr.c:439:6:HAL_PWR_EnablePVD	4	static
../Drivers/STM32WBAxx_HAL_Driver/Src/stm32wbaxx_hal_pwr.c:448:6:HAL_PWR_DisablePVD	4	static
../Drivers/STM32WBAxx_HAL_Driver/Src/stm32wbaxx_hal_pwr.c:470:6:HAL_PWR_EnableWakeUpPin	32	static,ignoring_inline_asm
../Drivers/STM32WBAxx_HAL_Driver/Src/stm32wbaxx_hal_pwr.c:501:6:HAL_PWR_DisableWakeUpPin	16	static
../Drivers/STM32WBAxx_HAL_Driver/Src/stm32wbaxx_hal_pwr.c:523:10:HAL_PWR_GetClearWakeupSource	16	static
../Drivers/STM32WBAxx_HAL_Driver/Src/stm32wbaxx_hal_pwr.c:560:6:HAL_PWR_EnterSLEEPMode	16	static,ignoring_inline_asm
../Drivers/STM32WBAxx_HAL_Driver/Src/stm32wbaxx_hal_pwr.c:626:6:HAL_PWR_EnterSTOPMode	16	static,ignoring_inline_asm
../Drivers/STM32WBAxx_HAL_Driver/Src/stm32wbaxx_hal_pwr.c:672:6:HAL_PWR_EnterSTANDBYMode	4	static,ignoring_inline_asm
../Drivers/STM32WBAxx_HAL_Driver/Src/stm32wbaxx_hal_pwr.c:698:6:HAL_PWR_EnableSleepOnExit	4	static
../Drivers/STM32WBAxx_HAL_Driver/Src/stm32wbaxx_hal_pwr.c:711:6:HAL_PWR_DisableSleepOnExit	4	static
../Drivers/STM32WBAxx_HAL_Driver/Src/stm32wbaxx_hal_pwr.c:724:6:HAL_PWR_EnableSEVOnPend	4	static
../Drivers/STM32WBAxx_HAL_Driver/Src/stm32wbaxx_hal_pwr.c:736:6:HAL_PWR_DisableSEVOnPend	4	static
../Drivers/STM32WBAxx_HAL_Driver/Src/stm32wbaxx_hal_pwr.c:747:6:HAL_PWR_PVD_IRQHandler	16	static
../Drivers/STM32WBAxx_HAL_Driver/Src/stm32wbaxx_hal_pwr.c:780:13:HAL_PWR_PVD_Rising_Callback	4	static
../Drivers/STM32WBAxx_HAL_Driver/Src/stm32wbaxx_hal_pwr.c:791:13:HAL_PWR_PVD_Falling_Callback	4	static
../Drivers/STM32WBAxx_HAL_Driver/Src/stm32wbaxx_hal_pwr.c:806:6:HAL_PWR_WKUP_IRQHandler	16	static
../Drivers/STM32WBAxx_HAL_Driver/Src/stm32wbaxx_hal_pwr.c:864:13:HAL_PWR_WKUP1_Callback	4	static
../Drivers/STM32WBAxx_HAL_Driver/Src/stm32wbaxx_hal_pwr.c:876:13:HAL_PWR_WKUP2_Callback	4	static
../Drivers/STM32WBAxx_HAL_Driver/Src/stm32wbaxx_hal_pwr.c:888:13:HAL_PWR_WKUP3_Callback	4	static
../Drivers/STM32WBAxx_HAL_Driver/Src/stm32wbaxx_hal_pwr.c:899:13:HAL_PWR_WKUP4_Callback	4	static
../Drivers/STM32WBAxx_HAL_Driver/Src/stm32wbaxx_hal_pwr.c:911:13:HAL_PWR_WKUP5_Callback	4	static
../Drivers/STM32WBAxx_HAL_Driver/Src/stm32wbaxx_hal_pwr.c:923:13:HAL_PWR_WKUP6_Callback	4	static
../Drivers/STM32WBAxx_HAL_Driver/Src/stm32wbaxx_hal_pwr.c:934:13:HAL_PWR_WKUP7_Callback	4	static
../Drivers/STM32WBAxx_HAL_Driver/Src/stm32wbaxx_hal_pwr.c:945:13:HAL_PWR_WKUP8_Callback	4	static
../Drivers/STM32WBAxx_HAL_Driver/Src/stm32wbaxx_hal_pwr.c:1041:6:HAL_PWR_ConfigAttributes	16	static
../Drivers/STM32WBAxx_HAL_Driver/Src/stm32wbaxx_hal_pwr.c:1104:19:HAL_PWR_GetConfigAttributes	24	static
