../Drivers/STM32WBAxx_HAL_Driver/Src/stm32wbaxx_hal_uart.c:309:19:HAL_UART_Init	16	static
../Drivers/STM32WBAxx_HAL_Driver/Src/stm32wbaxx_hal_uart.c:382:19:HAL_HalfDuplex_Init	16	static
../Drivers/STM32WBAxx_HAL_Driver/Src/stm32wbaxx_hal_uart.c:455:19:HAL_LIN_Init	16	static
../Drivers/STM32WBAxx_HAL_Driver/Src/stm32wbaxx_hal_uart.c:552:19:HAL_MultiProcessor_Init	24	static
../Drivers/STM32WBAxx_HAL_Driver/Src/stm32wbaxx_hal_uart.c:626:19:HAL_UART_DeInit	16	static
../Drivers/STM32WBAxx_HAL_Driver/Src/stm32wbaxx_hal_uart.c:673:13:HAL_UART_MspInit	16	static
../Drivers/STM32WBAxx_HAL_Driver/Src/stm32wbaxx_hal_uart.c:688:13:HAL_UART_MspDeInit	16	static
../Drivers/STM32WBAxx_HAL_Driver/Src/stm32wbaxx_hal_uart.c:1114:19:HAL_UART_Transmit	48	static
../Drivers/STM32WBAxx_HAL_Driver/Src/stm32wbaxx_hal_uart.c:1204:19:HAL_UART_Receive	48	static
../Drivers/STM32WBAxx_HAL_Driver/Src/stm32wbaxx_hal_uart.c:1288:19:HAL_UART_Transmit_IT	72	static,ignoring_inline_asm
../Drivers/STM32WBAxx_HAL_Driver/Src/stm32wbaxx_hal_uart.c:1356:19:HAL_UART_Receive_IT	48	static,ignoring_inline_asm
../Drivers/STM32WBAxx_HAL_Driver/Src/stm32wbaxx_hal_uart.c:1398:19:HAL_UART_Transmit_DMA	56	static,ignoring_inline_asm
../Drivers/STM32WBAxx_HAL_Driver/Src/stm32wbaxx_hal_uart.c:1507:19:HAL_UART_Receive_DMA	48	static,ignoring_inline_asm
../Drivers/STM32WBAxx_HAL_Driver/Src/stm32wbaxx_hal_uart.c:1543:19:HAL_UART_DMAPause	72	static,ignoring_inline_asm
../Drivers/STM32WBAxx_HAL_Driver/Src/stm32wbaxx_hal_uart.c:1605:19:HAL_UART_DMAResume	64	static,ignoring_inline_asm
../Drivers/STM32WBAxx_HAL_Driver/Src/stm32wbaxx_hal_uart.c:1654:19:HAL_UART_DMAStop	72	static,ignoring_inline_asm
../Drivers/STM32WBAxx_HAL_Driver/Src/stm32wbaxx_hal_uart.c:1730:19:HAL_UART_Abort	136	static,ignoring_inline_asm
../Drivers/STM32WBAxx_HAL_Driver/Src/stm32wbaxx_hal_uart.c:1835:19:HAL_UART_AbortTransmit	88	static,ignoring_inline_asm
../Drivers/STM32WBAxx_HAL_Driver/Src/stm32wbaxx_hal_uart.c:1896:19:HAL_UART_AbortReceive	112	static,ignoring_inline_asm
../Drivers/STM32WBAxx_HAL_Driver/Src/stm32wbaxx_hal_uart.c:1966:19:HAL_UART_Abort_IT	144	static,ignoring_inline_asm
../Drivers/STM32WBAxx_HAL_Driver/Src/stm32wbaxx_hal_uart.c:2121:19:HAL_UART_AbortTransmit_IT	88	static,ignoring_inline_asm
../Drivers/STM32WBAxx_HAL_Driver/Src/stm32wbaxx_hal_uart.c:2214:19:HAL_UART_AbortReceive_IT	112	static,ignoring_inline_asm
../Drivers/STM32WBAxx_HAL_Driver/Src/stm32wbaxx_hal_uart.c:2309:6:HAL_UART_IRQHandler	240	static,ignoring_inline_asm
../Drivers/STM32WBAxx_HAL_Driver/Src/stm32wbaxx_hal_uart.c:2627:13:HAL_UART_TxCpltCallback	16	static
../Drivers/STM32WBAxx_HAL_Driver/Src/stm32wbaxx_hal_uart.c:2642:13:HAL_UART_TxHalfCpltCallback	16	static
../Drivers/STM32WBAxx_HAL_Driver/Src/stm32wbaxx_hal_uart.c:2657:13:HAL_UART_RxCpltCallback	16	static
../Drivers/STM32WBAxx_HAL_Driver/Src/stm32wbaxx_hal_uart.c:2672:13:HAL_UART_RxHalfCpltCallback	16	static
../Drivers/STM32WBAxx_HAL_Driver/Src/stm32wbaxx_hal_uart.c:2687:13:HAL_UART_ErrorCallback	16	static
../Drivers/STM32WBAxx_HAL_Driver/Src/stm32wbaxx_hal_uart.c:2702:13:HAL_UART_AbortCpltCallback	16	static
../Drivers/STM32WBAxx_HAL_Driver/Src/stm32wbaxx_hal_uart.c:2717:13:HAL_UART_AbortTransmitCpltCallback	16	static
../Drivers/STM32WBAxx_HAL_Driver/Src/stm32wbaxx_hal_uart.c:2732:13:HAL_UART_AbortReceiveCpltCallback	16	static
../Drivers/STM32WBAxx_HAL_Driver/Src/stm32wbaxx_hal_uart.c:2749:13:HAL_UARTEx_RxEventCallback	16	static
../Drivers/STM32WBAxx_HAL_Driver/Src/stm32wbaxx_hal_uart.c:2797:6:HAL_UART_ReceiverTimeout_Config	16	static
../Drivers/STM32WBAxx_HAL_Driver/Src/stm32wbaxx_hal_uart.c:2812:19:HAL_UART_EnableReceiverTimeout	16	static
../Drivers/STM32WBAxx_HAL_Driver/Src/stm32wbaxx_hal_uart.c:2850:19:HAL_UART_DisableReceiverTimeout	16	static
../Drivers/STM32WBAxx_HAL_Driver/Src/stm32wbaxx_hal_uart.c:2888:19:HAL_MultiProcessor_EnableMuteMode	40	static,ignoring_inline_asm
../Drivers/STM32WBAxx_HAL_Driver/Src/stm32wbaxx_hal_uart.c:2908:19:HAL_MultiProcessor_DisableMuteMode	40	static,ignoring_inline_asm
../Drivers/STM32WBAxx_HAL_Driver/Src/stm32wbaxx_hal_uart.c:2928:6:HAL_MultiProcessor_EnterMuteMode	16	static
../Drivers/STM32WBAxx_HAL_Driver/Src/stm32wbaxx_hal_uart.c:2938:19:HAL_HalfDuplex_EnableTransmitter	64	static,ignoring_inline_asm
../Drivers/STM32WBAxx_HAL_Driver/Src/stm32wbaxx_hal_uart.c:2961:19:HAL_HalfDuplex_EnableReceiver	64	static,ignoring_inline_asm
../Drivers/STM32WBAxx_HAL_Driver/Src/stm32wbaxx_hal_uart.c:2985:19:HAL_LIN_SendBreak	16	static
../Drivers/STM32WBAxx_HAL_Driver/Src/stm32wbaxx_hal_uart.c:3030:23:HAL_UART_GetState	24	static
../Drivers/STM32WBAxx_HAL_Driver/Src/stm32wbaxx_hal_uart.c:3046:10:HAL_UART_GetError	16	static
../Drivers/STM32WBAxx_HAL_Driver/Src/stm32wbaxx_hal_uart.c:3091:19:UART_SetConfig	80	static
../Drivers/STM32WBAxx_HAL_Driver/Src/stm32wbaxx_hal_uart.c:3312:6:UART_AdvFeatureConfig	16	static
../Drivers/STM32WBAxx_HAL_Driver/Src/stm32wbaxx_hal_uart.c:3388:19:UART_CheckIdleState	104	static,ignoring_inline_asm
../Drivers/STM32WBAxx_HAL_Driver/Src/stm32wbaxx_hal_uart.c:3457:19:UART_WaitOnFlagUntilTimeout	24	static
../Drivers/STM32WBAxx_HAL_Driver/Src/stm32wbaxx_hal_uart.c:3525:19:UART_Start_Receive_IT	144	static,ignoring_inline_asm
../Drivers/STM32WBAxx_HAL_Driver/Src/stm32wbaxx_hal_uart.c:3598:19:UART_Start_Receive_DMA	104	static,ignoring_inline_asm
../Drivers/STM32WBAxx_HAL_Driver/Src/stm32wbaxx_hal_uart.c:3694:13:UART_EndTxTransfer	64	static,ignoring_inline_asm
../Drivers/STM32WBAxx_HAL_Driver/Src/stm32wbaxx_hal_uart.c:3711:13:UART_EndRxTransfer	88	static,ignoring_inline_asm
../Drivers/STM32WBAxx_HAL_Driver/Src/stm32wbaxx_hal_uart.c:3738:13:UART_DMATransmitCplt	72	static,ignoring_inline_asm
../Drivers/STM32WBAxx_HAL_Driver/Src/stm32wbaxx_hal_uart.c:3772:13:UART_DMATxHalfCplt	24	static
../Drivers/STM32WBAxx_HAL_Driver/Src/stm32wbaxx_hal_uart.c:3790:13:UART_DMAReceiveCplt	120	static,ignoring_inline_asm
../Drivers/STM32WBAxx_HAL_Driver/Src/stm32wbaxx_hal_uart.c:3851:13:UART_DMARxHalfCplt	24	static
../Drivers/STM32WBAxx_HAL_Driver/Src/stm32wbaxx_hal_uart.c:3889:13:UART_DMAError	32	static
../Drivers/STM32WBAxx_HAL_Driver/Src/stm32wbaxx_hal_uart.c:3929:13:UART_DMAAbortOnError	24	static
../Drivers/STM32WBAxx_HAL_Driver/Src/stm32wbaxx_hal_uart.c:3952:13:UART_DMATxAbortCallback	24	static
../Drivers/STM32WBAxx_HAL_Driver/Src/stm32wbaxx_hal_uart.c:4007:13:UART_DMARxAbortCallback	24	static
../Drivers/STM32WBAxx_HAL_Driver/Src/stm32wbaxx_hal_uart.c:4059:13:UART_DMATxOnlyAbortCallback	24	static
../Drivers/STM32WBAxx_HAL_Driver/Src/stm32wbaxx_hal_uart.c:4092:13:UART_DMARxOnlyAbortCallback	24	static
../Drivers/STM32WBAxx_HAL_Driver/Src/stm32wbaxx_hal_uart.c:4126:13:UART_TxISR_8BIT	64	static,ignoring_inline_asm
../Drivers/STM32WBAxx_HAL_Driver/Src/stm32wbaxx_hal_uart.c:4155:13:UART_TxISR_16BIT	72	static,ignoring_inline_asm
../Drivers/STM32WBAxx_HAL_Driver/Src/stm32wbaxx_hal_uart.c:4187:13:UART_TxISR_8BIT_FIFOEN	72	static,ignoring_inline_asm
../Drivers/STM32WBAxx_HAL_Driver/Src/stm32wbaxx_hal_uart.c:4227:13:UART_TxISR_16BIT_FIFOEN	72	static,ignoring_inline_asm
../Drivers/STM32WBAxx_HAL_Driver/Src/stm32wbaxx_hal_uart.c:4268:13:UART_EndTransmit_IT	40	static,ignoring_inline_asm
../Drivers/STM32WBAxx_HAL_Driver/Src/stm32wbaxx_hal_uart.c:4293:13:UART_RxISR_8BIT	120	static,ignoring_inline_asm
../Drivers/STM32WBAxx_HAL_Driver/Src/stm32wbaxx_hal_uart.c:4384:13:UART_RxISR_16BIT	120	static,ignoring_inline_asm
../Drivers/STM32WBAxx_HAL_Driver/Src/stm32wbaxx_hal_uart.c:4477:13:UART_RxISR_8BIT_FIFOEN	184	static,ignoring_inline_asm
../Drivers/STM32WBAxx_HAL_Driver/Src/stm32wbaxx_hal_uart.c:4639:13:UART_RxISR_16BIT_FIFOEN	192	static,ignoring_inline_asm
