../Drivers/STM32WBAxx_HAL_Driver/Src/stm32wbaxx_hal.c:133:19:HAL_Init	8	static
../Drivers/STM32WBAxx_HAL_Driver/Src/stm32wbaxx_hal.c:164:19:HAL_DeInit	8	static
../Drivers/STM32WBAxx_HAL_Driver/Src/stm32wbaxx_hal.c:199:13:HAL_MspInit	4	static
../Drivers/STM32WBAxx_HAL_Driver/Src/stm32wbaxx_hal.c:210:13:HAL_MspDeInit	4	static
../Drivers/STM32WBAxx_HAL_Driver/Src/stm32wbaxx_hal.c:233:26:HAL_InitTick	16	static
../Drivers/STM32WBAxx_HAL_Driver/Src/stm32wbaxx_hal.c:298:13:HAL_IncTick	4	static
../Drivers/STM32WBAxx_HAL_Driver/Src/stm32wbaxx_hal.c:309:17:HAL_GetTick	4	static
../Drivers/STM32WBAxx_HAL_Driver/Src/stm32wbaxx_hal.c:318:10:HAL_GetTickPrio	4	static
../Drivers/STM32WBAxx_HAL_Driver/Src/stm32wbaxx_hal.c:327:19:HAL_SetTickFreq	24	static
../Drivers/STM32WBAxx_HAL_Driver/Src/stm32wbaxx_hal.c:351:21:HAL_GetTickFreq	4	static
../Drivers/STM32WBAxx_HAL_Driver/Src/stm32wbaxx_hal.c:367:13:HAL_Delay	24	static
../Drivers/STM32WBAxx_HAL_Driver/Src/stm32wbaxx_hal.c:393:13:HAL_SuspendTick	4	static
../Drivers/STM32WBAxx_HAL_Driver/Src/stm32wbaxx_hal.c:409:13:HAL_ResumeTick	4	static
../Drivers/STM32WBAxx_HAL_Driver/Src/stm32wbaxx_hal.c:419:10:HAL_GetHalVersion	4	static
../Drivers/STM32WBAxx_HAL_Driver/Src/stm32wbaxx_hal.c:428:10:HAL_GetREVID	4	static
../Drivers/STM32WBAxx_HAL_Driver/Src/stm32wbaxx_hal.c:437:10:HAL_GetDEVID	4	static
../Drivers/STM32WBAxx_HAL_Driver/Src/stm32wbaxx_hal.c:446:10:HAL_GetUIDw0	4	static
../Drivers/STM32WBAxx_HAL_Driver/Src/stm32wbaxx_hal.c:455:10:HAL_GetUIDw1	4	static
../Drivers/STM32WBAxx_HAL_Driver/Src/stm32wbaxx_hal.c:464:10:HAL_GetUIDw2	4	static
../Drivers/STM32WBAxx_HAL_Driver/Src/stm32wbaxx_hal.c:492:6:HAL_DBGMCU_EnableDBGStopMode	4	static
../Drivers/STM32WBAxx_HAL_Driver/Src/stm32wbaxx_hal.c:501:6:HAL_DBGMCU_DisableDBGStopMode	4	static
../Drivers/STM32WBAxx_HAL_Driver/Src/stm32wbaxx_hal.c:510:6:HAL_DBGMCU_EnableDBGStandbyMode	4	static
../Drivers/STM32WBAxx_HAL_Driver/Src/stm32wbaxx_hal.c:519:6:HAL_DBGMCU_DisableDBGStandbyMode	4	static
../Drivers/STM32WBAxx_HAL_Driver/Src/stm32wbaxx_hal.c:547:6:HAL_SYSCFG_EnableIOAnalogSwitchBooster	4	static
../Drivers/STM32WBAxx_HAL_Driver/Src/stm32wbaxx_hal.c:557:6:HAL_SYSCFG_DisableIOAnalogSwitchBooster	4	static
../Drivers/STM32WBAxx_HAL_Driver/Src/stm32wbaxx_hal.c:586:6:HAL_SYSCFG_Lock	16	static
../Drivers/STM32WBAxx_HAL_Driver/Src/stm32wbaxx_hal.c:607:19:HAL_SYSCFG_GetLock	24	static
