../Drivers/STM32WBAxx_HAL_Driver/Src/stm32wbaxx_hal_pwr_ex.c:215:19:HAL_PWREx_ControlVoltageScaling	24	static
../Drivers/STM32WBAxx_HAL_Driver/Src/stm32wbaxx_hal_pwr_ex.c:268:10:HAL_PWREx_GetVoltageRange	4	static
../Drivers/STM32WBAxx_HAL_Driver/Src/stm32wbaxx_hal_pwr_ex.c:361:6:HAL_PWREx_EnableFastSoftStart	4	static
../Drivers/STM32WBAxx_HAL_Driver/Src/stm32wbaxx_hal_pwr_ex.c:370:6:HAL_PWREx_DisableFastSoftStart	4	static
../Drivers/STM32WBAxx_HAL_Driver/Src/stm32wbaxx_hal_pwr_ex.c:393:6:HAL_PWREx_EnableUltraLowPowerMode	4	static
../Drivers/STM32WBAxx_HAL_Driver/Src/stm32wbaxx_hal_pwr_ex.c:402:6:HAL_PWREx_DisableUltraLowPowerMode	4	static
../Drivers/STM32WBAxx_HAL_Driver/Src/stm32wbaxx_hal_pwr_ex.c:450:6:HAL_PWREx_EnableSRAM1ContentStandbyRetention	16	static
../Drivers/STM32WBAxx_HAL_Driver/Src/stm32wbaxx_hal_pwr_ex.c:465:6:HAL_PWREx_DisableSRAM1ContentStandbyRetention	4	static
../Drivers/STM32WBAxx_HAL_Driver/Src/stm32wbaxx_hal_pwr_ex.c:481:6:HAL_PWREx_EnableSRAM2ContentStandbyRetention	16	static
../Drivers/STM32WBAxx_HAL_Driver/Src/stm32wbaxx_hal_pwr_ex.c:496:6:HAL_PWREx_DisableSRAM2ContentStandbyRetention	4	static
../Drivers/STM32WBAxx_HAL_Driver/Src/stm32wbaxx_hal_pwr_ex.c:512:6:HAL_PWREx_EnableRadioSRAMClockStandbyRetention	16	static
../Drivers/STM32WBAxx_HAL_Driver/Src/stm32wbaxx_hal_pwr_ex.c:527:6:HAL_PWREx_DisableRadioSRAMClockStandbyRetention	4	static
../Drivers/STM32WBAxx_HAL_Driver/Src/stm32wbaxx_hal_pwr_ex.c:547:6:HAL_PWREx_EnableRAMsContentStopRetention	16	static
../Drivers/STM32WBAxx_HAL_Driver/Src/stm32wbaxx_hal_pwr_ex.c:568:6:HAL_PWREx_DisableRAMsContentStopRetention	16	static
../Drivers/STM32WBAxx_HAL_Driver/Src/stm32wbaxx_hal_pwr_ex.c:586:6:HAL_PWREx_EnableFlashFastWakeUp	4	static
../Drivers/STM32WBAxx_HAL_Driver/Src/stm32wbaxx_hal_pwr_ex.c:600:6:HAL_PWREx_DisableFlashFastWakeUp	4	static
../Drivers/STM32WBAxx_HAL_Driver/Src/stm32wbaxx_hal_pwr_ex.c:649:19:HAL_PWREx_EnableStandbyIORetention	24	static
../Drivers/STM32WBAxx_HAL_Driver/Src/stm32wbaxx_hal_pwr_ex.c:729:19:HAL_PWREx_DisableStandbyIORetention	24	static
../Drivers/STM32WBAxx_HAL_Driver/Src/stm32wbaxx_hal_pwr_ex.c:806:10:HAL_PWREx_GetStandbyIORetentionStatus	16	static
../Drivers/STM32WBAxx_HAL_Driver/Src/stm32wbaxx_hal_pwr_ex.c:848:19:HAL_PWREx_DisableStandbyRetainedIOState	24	static
../Drivers/STM32WBAxx_HAL_Driver/Src/stm32wbaxx_hal_pwr_ex.c:939:11:HAL_PWREx_GetRADIOOperatingMode	16	static
../Drivers/STM32WBAxx_HAL_Driver/Src/stm32wbaxx_hal_pwr_ex.c:959:11:HAL_PWREx_GetRADIOPHYOperatingMode	4	static
../Drivers/STM32WBAxx_HAL_Driver/Src/stm32wbaxx_hal_pwr_ex.c:971:11:HAL_PWREx_GetRADIOEncryptionOperatingMode	4	static
../Drivers/STM32WBAxx_HAL_Driver/Src/stm32wbaxx_hal_pwr_ex.c:983:11:HAL_PWREx_GetRFVDDHPA	4	static
